*** saga template definition ***
saga template graph: 
digraph {
    0 [ label = "\"ActionStartNode\"" ]
    1 [ label = "\"InstanceCreate\"" ]
    2 [ label = "\"VpcAllocIp\"" ]
    3 [ label = "\"VolumeCreate\"" ]
    4 [ label = "\"ServerAlloc (subsaga)\"" ]
    5 [ label = "\"InstanceConfigure\"" ]
    6 [ label = "\"VolumeAttach\"" ]
    7 [ label = "\"InstanceBoot\"" ]
    8 [ label = "\"Print\"" ]
    9 [ label = "\"ActionEndNode\"" ]
    0 -> 1 [ ]
    1 -> 2 [ ]
    1 -> 3 [ ]
    1 -> 4 [ ]
    2 -> 5 [ ]
    3 -> 5 [ ]
    4 -> 5 [ ]
    5 -> 6 [ ]
    6 -> 7 [ ]
    7 -> 8 [ ]
    8 -> 9 [ ]
}

*** initial state ***
+ saga execution: 049b2522-308d-442e-bc65-9bfaef863597
+-- stage  1: blocked: InstanceCreate (produces "instance_id")
+-- stage  2: + (actions in parallel)
              +-- blocked: VpcAllocIp (produces "instance_ip")
              +-- blocked: VolumeCreate (produces "volume_id")
              +-- blocked: ServerAlloc (subsaga) (produces "server_id")
+-- stage  3: blocked: InstanceConfigure (produces "instance_configure")
+-- stage  4: blocked: VolumeAttach (produces "volume_attach")
+-- stage  5: blocked: InstanceBoot (produces "instance_boot")
+-- stage  6: blocked: Print (produces "print")

