recovering from log: -
recovered state
+ saga execution: 049b2522-308d-442e-bc65-9bfaef863597
+-- done: (start node)
+-- done: InstanceCreate (produces "instance_id")
+-- (parallel actions):
        +-- done: VpcAllocIp (produces "instance_ip")
        +-- done: VolumeCreate (produces "volume_id")
+-- done: (constant = {"number_of_things":1}) (produces "server_alloc_params")
+-- done: (subsaga start: "server-alloc")
        +-- done: ServerPick (produces "server_id")
        +-- done: ServerReserve (produces "server_reserve")
+-- done: (subsaga end) (produces "server_alloc")
+-- done: InstanceConfigure (produces "instance_configure")
+-- done: VolumeAttach (produces "volume_attach")
+-- queued-todo: InstanceBoot (produces "instance_boot")
+-- blocked: Print (produces "print")
+-- blocked: (end node)


*** running saga ***
*** finished saga ***

*** final state ***
+ saga execution: 049b2522-308d-442e-bc65-9bfaef863597
+-- done: (start node)
+-- done: InstanceCreate (produces "instance_id")
+-- (parallel actions):
        +-- done: VpcAllocIp (produces "instance_ip")
        +-- done: VolumeCreate (produces "volume_id")
+-- done: (constant = {"number_of_things":1}) (produces "server_alloc_params")
+-- done: (subsaga start: "server-alloc")
        +-- done: ServerPick (produces "server_id")
        +-- done: ServerReserve (produces "server_reserve")
+-- done: (subsaga end) (produces "server_alloc")
+-- done: InstanceConfigure (produces "instance_configure")
+-- done: VolumeAttach (produces "volume_attach")
+-- done: InstanceBoot (produces "instance_boot")
+-- done: Print (produces "print")
+-- done: (end node)

result: SUCCESS
final output: "it worked"
